// Jest Snapshot v1, https://goo.gl/fbAQLP

exports[`Todos should render the list of items 1`] = `
<DocumentFragment>
  <div
    class="w-full"
  >
    <div
      class="grid grid-cols-[30px_auto_30px] items-center gap-1 rounded p-4 mt-1 bg-white border transition-all duration-75 border-gray-300 decoration-0"
      data-testid="Test Item 1"
    >
      <button
        aria-checked="false"
        class="w-[30px] h-[30px] rounded-full border border-gray-700 cursor-pointer pt-1 pl-1 transition-all duration-300"
        role="checkbox"
      />
      <h4
        class="text-lg m-0 p-0 overflow-hidden overflow-ellipsis whitespace-nowrap"
      >
        Test Item 1
      </h4>
      <svg
        data-testid="deleteBtnTest Item 1"
        fill="none"
        height="24"
        stroke="red"
        stroke-linecap="round"
        stroke-linejoin="round"
        stroke-width="2"
        viewBox="0 0 24 24"
        width="24"
        xmlns="http://www.w3.org/2000/svg"
      >
        <polyline
          points="3 6 5 6 21 6"
        />
        <path
          d="M19 6v14a2 2 0 0 1-2 2H7a2 2 0 0 1-2-2V6m3 0V4a2 2 0 0 1 2-2h4a2 2 0 0 1 2 2v2"
        />
      </svg>
    </div>
    <div
      class="grid grid-cols-[30px_auto_30px] items-center gap-1 rounded p-4 mt-1 bg-white border transition-all duration-75 border-gray-300 decoration-0"
      data-testid="Test Item 2"
    >
      <button
        aria-checked="false"
        class="w-[30px] h-[30px] rounded-full border border-gray-700 cursor-pointer pt-1 pl-1 transition-all duration-300"
        role="checkbox"
      />
      <h4
        class="text-lg m-0 p-0 overflow-hidden overflow-ellipsis whitespace-nowrap"
      >
        Test Item 2
      </h4>
      <svg
        data-testid="deleteBtnTest Item 2"
        fill="none"
        height="24"
        stroke="red"
        stroke-linecap="round"
        stroke-linejoin="round"
        stroke-width="2"
        viewBox="0 0 24 24"
        width="24"
        xmlns="http://www.w3.org/2000/svg"
      >
        <polyline
          points="3 6 5 6 21 6"
        />
        <path
          d="M19 6v14a2 2 0 0 1-2 2H7a2 2 0 0 1-2-2V6m3 0V4a2 2 0 0 1 2-2h4a2 2 0 0 1 2 2v2"
        />
      </svg>
    </div>
    <div
      class="text-center text-lg cursor-pointer mt-4"
    >
      <button
        class="px-2 py-2 rounded cursor-pointer transition-all text-white bg-gray-400 hover:bg-gray-500"
      >
        Add a new Todo
      </button>
    </div>
  </div>
</DocumentFragment>
`;
